
> my-health-memoir@0.0.0 build
> tsc -b && vite build

src/components/dashboard/AIInsight.tsx(1,1): error TS6133: 'motion' is declared but its value is never read.
src/components/dashboard/FamilyPulse.tsx(3,1): error TS6133: 'cn' is declared but its value is never read.
src/components/dashboard/VitalsQuickView.tsx(1,1): error TS6133: 'motion' is declared but its value is never read.
